MPLINK 5.09, LINKER
Linker Map File - Created Thu Sep 12 09:47:33 2024

                                 Section Info
                  Section       Type    Address   Location Size(Bytes)
                ---------  ---------  ---------  ---------  ---------
                   .org_0       code   0x000000    program   0x00008c
                   .cinit    romdata   0x000046    program   0x000004
.config_2007_BUILD/DEFAULT/DEBUG/SECUENCIA_5.       code   0x002007    program   0x000002
.config_2008_BUILD/DEFAULT/DEBUG/SECUENCIA_5.       code   0x002008    program   0x000002



                              Program Memory Usage 
                               Start         End      
                           ---------   ---------      
                            0x000000    0x000047      
                            0x002007    0x002008      
            74 out of 8455 program addresses used, program memory utilization is 0%



                              Symbols - Sorted by Name
                     Name    Address   Location    Storage File                     
                ---------  ---------  ---------  --------- ---------                
                     INIT   0x000008    program     static C:\Users\Samuel\Desktop\Micro\Secuencia5.X\Secuencia_5.asm
                    REP_1   0x00003f    program     static C:\Users\Samuel\Desktop\Micro\Secuencia5.X\Secuencia_5.asm
                    REP_2   0x000041    program     static C:\Users\Samuel\Desktop\Micro\Secuencia5.X\Secuencia_5.asm
                  RETARDO   0x00003d    program     static C:\Users\Samuel\Desktop\Micro\Secuencia5.X\Secuencia_5.asm
                    SEC_1   0x000016    program     static C:\Users\Samuel\Desktop\Micro\Secuencia5.X\Secuencia_5.asm
                    SEC_2   0x000029    program     static C:\Users\Samuel\Desktop\Micro\Secuencia5.X\Secuencia_5.asm



                              Symbols - Sorted by Address
                     Name    Address   Location    Storage File                     
                ---------  ---------  ---------  --------- ---------                
                     INIT   0x000008    program     static C:\Users\Samuel\Desktop\Micro\Secuencia5.X\Secuencia_5.asm
                    SEC_1   0x000016    program     static C:\Users\Samuel\Desktop\Micro\Secuencia5.X\Secuencia_5.asm
                    SEC_2   0x000029    program     static C:\Users\Samuel\Desktop\Micro\Secuencia5.X\Secuencia_5.asm
                  RETARDO   0x00003d    program     static C:\Users\Samuel\Desktop\Micro\Secuencia5.X\Secuencia_5.asm
                    REP_1   0x00003f    program     static C:\Users\Samuel\Desktop\Micro\Secuencia5.X\Secuencia_5.asm
                    REP_2   0x000041    program     static C:\Users\Samuel\Desktop\Micro\Secuencia5.X\Secuencia_5.asm


