MPLINK 5.09, LINKER
Linker Map File - Created Thu Sep 12 09:24:58 2024

                                 Section Info
                  Section       Type    Address   Location Size(Bytes)
                ---------  ---------  ---------  ---------  ---------
                   .org_0       code   0x000000    program   0x000046
                   .cinit    romdata   0x000023    program   0x000004
.config_2007_BUILD/DEFAULT/PRODUCTION/SECUENC       code   0x002007    program   0x000002
.config_2008_BUILD/DEFAULT/PRODUCTION/SECUENC       code   0x002008    program   0x000002



                              Program Memory Usage 
                               Start         End      
                           ---------   ---------      
                            0x000000    0x000024      
                            0x002007    0x002008      
            39 out of 8455 program addresses used, program memory utilization is 0%



                              Symbols - Sorted by Name
                     Name    Address   Location    Storage File                     
                ---------  ---------  ---------  --------- ---------                
               INIT_SEC_1   0x000008    program     static C:\Users\Samuel\Desktop\Micro\C\Secuencia1.X\Secuencia_1.asm
                    REP_1   0x00001c    program     static C:\Users\Samuel\Desktop\Micro\C\Secuencia1.X\Secuencia_1.asm
                    REP_2   0x00001e    program     static C:\Users\Samuel\Desktop\Micro\C\Secuencia1.X\Secuencia_1.asm
                  RETARDO   0x00001a    program     static C:\Users\Samuel\Desktop\Micro\C\Secuencia1.X\Secuencia_1.asm
                    SEC_1   0x00000e    program     static C:\Users\Samuel\Desktop\Micro\C\Secuencia1.X\Secuencia_1.asm



                              Symbols - Sorted by Address
                     Name    Address   Location    Storage File                     
                ---------  ---------  ---------  --------- ---------                
               INIT_SEC_1   0x000008    program     static C:\Users\Samuel\Desktop\Micro\C\Secuencia1.X\Secuencia_1.asm
                    SEC_1   0x00000e    program     static C:\Users\Samuel\Desktop\Micro\C\Secuencia1.X\Secuencia_1.asm
                  RETARDO   0x00001a    program     static C:\Users\Samuel\Desktop\Micro\C\Secuencia1.X\Secuencia_1.asm
                    REP_1   0x00001c    program     static C:\Users\Samuel\Desktop\Micro\C\Secuencia1.X\Secuencia_1.asm
                    REP_2   0x00001e    program     static C:\Users\Samuel\Desktop\Micro\C\Secuencia1.X\Secuencia_1.asm


