MPLINK 5.09, LINKER
Linker Map File - Created Thu Sep 12 07:55:48 2024

                                 Section Info
                  Section       Type    Address   Location Size(Bytes)
                ---------  ---------  ---------  ---------  ---------
                   .org_0       code   0x000000    program   0x000048
                   .cinit    romdata   0x000024    program   0x000004
.config_2007_BUILD/DEFAULT/PRODUCTION/SECUENC       code   0x002007    program   0x000002
.config_2008_BUILD/DEFAULT/PRODUCTION/SECUENC       code   0x002008    program   0x000002



                              Program Memory Usage 
                               Start         End      
                           ---------   ---------      
                            0x000000    0x000025      
                            0x002007    0x002008      
            40 out of 8455 program addresses used, program memory utilization is 0%



                              Symbols - Sorted by Name
                     Name    Address   Location    Storage File                     
                ---------  ---------  ---------  --------- ---------                
                     INIT   0x000008    program     static C:\Users\Samuel\Desktop\Micro\Secuencia2.X\Secuencia_2.asm
                    REP_1   0x00001d    program     static C:\Users\Samuel\Desktop\Micro\Secuencia2.X\Secuencia_2.asm
                    REP_2   0x00001f    program     static C:\Users\Samuel\Desktop\Micro\Secuencia2.X\Secuencia_2.asm
                  RETARDO   0x00001b    program     static C:\Users\Samuel\Desktop\Micro\Secuencia2.X\Secuencia_2.asm
                    SEC_1   0x00000d    program     static C:\Users\Samuel\Desktop\Micro\Secuencia2.X\Secuencia_2.asm
                    SEC_2   0x000015    program     static C:\Users\Samuel\Desktop\Micro\Secuencia2.X\Secuencia_2.asm



                              Symbols - Sorted by Address
                     Name    Address   Location    Storage File                     
                ---------  ---------  ---------  --------- ---------                
                     INIT   0x000008    program     static C:\Users\Samuel\Desktop\Micro\Secuencia2.X\Secuencia_2.asm
                    SEC_1   0x00000d    program     static C:\Users\Samuel\Desktop\Micro\Secuencia2.X\Secuencia_2.asm
                    SEC_2   0x000015    program     static C:\Users\Samuel\Desktop\Micro\Secuencia2.X\Secuencia_2.asm
                  RETARDO   0x00001b    program     static C:\Users\Samuel\Desktop\Micro\Secuencia2.X\Secuencia_2.asm
                    REP_1   0x00001d    program     static C:\Users\Samuel\Desktop\Micro\Secuencia2.X\Secuencia_2.asm
                    REP_2   0x00001f    program     static C:\Users\Samuel\Desktop\Micro\Secuencia2.X\Secuencia_2.asm


