MPLINK 5.09, LINKER
Linker Map File - Created Thu Sep 12 08:34:54 2024

                                 Section Info
                  Section       Type    Address   Location Size(Bytes)
                ---------  ---------  ---------  ---------  ---------
                   .org_0       code   0x000000    program   0x000066
                   .cinit    romdata   0x000033    program   0x000004
.config_2007_BUILD/DEFAULT/DEBUG/HOJA_4.O       code   0x002007    program   0x000002
.config_2008_BUILD/DEFAULT/DEBUG/HOJA_4.O       code   0x002008    program   0x000002



                              Program Memory Usage 
                               Start         End      
                           ---------   ---------      
                            0x000000    0x000034      
                            0x002007    0x002008      
            55 out of 8455 program addresses used, program memory utilization is 0%



                              Symbols - Sorted by Name
                     Name    Address   Location    Storage File                     
                ---------  ---------  ---------  --------- ---------                
                 CONTINUE   0x00001e    program     static C:\Users\Samuel\Desktop\Micro\hoja4.X\Hoja_4.asm
                     INIT   0x000008    program     static C:\Users\Samuel\Desktop\Micro\hoja4.X\Hoja_4.asm
                     LOOP   0x00000b    program     static C:\Users\Samuel\Desktop\Micro\hoja4.X\Hoja_4.asm
                      LSB   0x000017    program     static C:\Users\Samuel\Desktop\Micro\hoja4.X\Hoja_4.asm
                      MSB   0x00000f    program     static C:\Users\Samuel\Desktop\Micro\hoja4.X\Hoja_4.asm
                    REP_1   0x00002c    program     static C:\Users\Samuel\Desktop\Micro\hoja4.X\Hoja_4.asm
                    REP_2   0x00002e    program     static C:\Users\Samuel\Desktop\Micro\hoja4.X\Hoja_4.asm
                   RESET1   0x000026    program     static C:\Users\Samuel\Desktop\Micro\hoja4.X\Hoja_4.asm
                  RETARDO   0x00002a    program     static C:\Users\Samuel\Desktop\Micro\hoja4.X\Hoja_4.asm



                              Symbols - Sorted by Address
                     Name    Address   Location    Storage File                     
                ---------  ---------  ---------  --------- ---------                
                     INIT   0x000008    program     static C:\Users\Samuel\Desktop\Micro\hoja4.X\Hoja_4.asm
                     LOOP   0x00000b    program     static C:\Users\Samuel\Desktop\Micro\hoja4.X\Hoja_4.asm
                      MSB   0x00000f    program     static C:\Users\Samuel\Desktop\Micro\hoja4.X\Hoja_4.asm
                      LSB   0x000017    program     static C:\Users\Samuel\Desktop\Micro\hoja4.X\Hoja_4.asm
                 CONTINUE   0x00001e    program     static C:\Users\Samuel\Desktop\Micro\hoja4.X\Hoja_4.asm
                   RESET1   0x000026    program     static C:\Users\Samuel\Desktop\Micro\hoja4.X\Hoja_4.asm
                  RETARDO   0x00002a    program     static C:\Users\Samuel\Desktop\Micro\hoja4.X\Hoja_4.asm
                    REP_1   0x00002c    program     static C:\Users\Samuel\Desktop\Micro\hoja4.X\Hoja_4.asm
                    REP_2   0x00002e    program     static C:\Users\Samuel\Desktop\Micro\hoja4.X\Hoja_4.asm


